⚠️ Warning: /Users/sihaolu/Developments/SatelliteForecast/SatelliteForecastTests/NativeArchitectureTests.swift:192:25: warning: 'MKPlacemark' was deprecated in iOS 26.0: Use MKMapItem's location, address and addressRepresentations properties instead. Use MKAddressRepresentations for formatted address strings for MapKit provided MKMapItems
⚠️ Warning: /Users/sihaolu/Developments/SatelliteForecast/SatelliteForecastTests/NativeArchitectureTests.swift:211:13: warning: 'MKPlacemark' was deprecated in iOS 26.0: Use MKMapItem's location, address and addressRepresentations properties instead. Use MKAddressRepresentations for formatted address strings for MapKit provided MKMapItems
⚠️ Warning: /Users/sihaolu/Developments/SatelliteForecast/SatelliteForecastTests/NativeArchitectureTests.swift:207:13: warning: initialization of immutable value 'navigation' was never used; consider replacing with assignment to '_' or removing it
⚠️ Warning: /Users/sihaolu/Developments/SatelliteForecast/SatelliteForecastTests/LocationSearchTests.swift:87:42: warning: 'MKPlacemark' was deprecated in iOS 26.0: Use MKMapItem's location, address and addressRepresentations properties instead. Use MKAddressRepresentations for formatted address strings for MapKit provided MKMapItems
⚠️ Warning: /Users/sihaolu/Developments/SatelliteForecast/SatelliteForecastTests/LocationSearchTests.swift:93:20: warning: 'MKPlacemark' was deprecated in iOS 26.0: Use MKMapItem's location, address and addressRepresentations properties instead. Use MKAddressRepresentations for formatted address strings for MapKit provided MKMapItems
⚠️ Warning: /Users/sihaolu/Developments/SatelliteForecast/SatelliteForecastTests/LocationSearchTests.swift:98:36: warning: 'MKPlacemark' was deprecated in iOS 26.0: Use MKMapItem's location, address and addressRepresentations properties instead. Use MKAddressRepresentations for formatted address strings for MapKit provided MKMapItems
⚠️ Warning: /Users/sihaolu/Developments/SatelliteForecast/SatelliteForecastTests/LocationSearchTests.swift:107:42: warning: 'MKPlacemark' was deprecated in iOS 26.0: Use MKMapItem's location, address and addressRepresentations properties instead. Use MKAddressRepresentations for formatted address strings for MapKit provided MKMapItems
⚠️ Warning: /Users/sihaolu/Developments/SatelliteForecast/SatelliteForecastTests/LocationSearchTests.swift:114:36: warning: 'MKPlacemark' was deprecated in iOS 26.0: Use MKMapItem's location, address and addressRepresentations properties instead. Use MKAddressRepresentations for formatted address strings for MapKit provided MKMapItems
⚠️ Warning: 2026-09-19 22:09:51.615 appintentsmetadataprocessor[40702:520217] warning: Metadata extraction skipped. No AppIntents.framework dependency found.
⚠️ Warning: 2026-09-19 22:09:51.954 appintentsmetadataprocessor[40706:520242] warning: Metadata extraction skipped. No AppIntents.framework dependency found.
✅ Test Run test succeeded for scheme SatelliteForecastApp.

Test Results Summary:
Test Summary: Test - SatelliteForecastApp
Overall Result: Passed

Test Counts:
  Total: 1
  Passed: 1
  Failed: 0
  Skipped: 0
  Expected Failures: 0

Environment: SatelliteForecast · Built with macOS 27.0

Device: iPhone 17 Pro Max (iOS Simulator 26.5)

