
=== Deploying to 'pass-prediction'...

i  deploying functions
i  functions: preparing codebase default for deployment
i  functions: ensuring required API cloudfunctions.googleapis.com is enabled...
i  functions: ensuring required API cloudbuild.googleapis.com is enabled...
i  artifactregistry: ensuring required API artifactregistry.googleapis.com is enabled...
i  functions: Loading and analyzing source code for codebase default to determine what to deploy
 * Serving Flask app 'serving'
 * Debug mode: off

[31m[1mWARNING: This is a development server. Do not use it in a production deployment. Use a production WSGI server instead.[0m
 * Running on http://127.0.0.1:8081

[33mPress CTRL+C to quit[0m

127.0.0.1 - - [01/Oct/2026 01:11:41] "GET /__/functions.yaml HTTP/1.1" 200 -

127.0.0.1 - - [01/Oct/2026 01:11:41] "GET /__/quitquitquit HTTP/1.1" 200 -

/bin/sh: line 1: 65768 Terminated: 15          python3.13 "/Users/sihaolu/Developments/SatelliteForecast/pass-prediction/functions/venv/lib/python3.13/site-packages/firebase_functions/private/serving.py"

i  functions: preparing functions directory for uploading...
i  functions: packaged /Users/sihaolu/Developments/SatelliteForecast/pass-prediction/functions (55.43 KB) for uploading
i  functions: ensuring required API cloudscheduler.googleapis.com is enabled...
i  functions: ensuring required API run.googleapis.com is enabled...
i  functions: ensuring required API eventarc.googleapis.com is enabled...
i  functions: ensuring required API pubsub.googleapis.com is enabled...
i  functions: ensuring required API storage.googleapis.com is enabled...
i  functions: generating the service identity for pubsub.googleapis.com...
i  functions: generating the service identity for eventarc.googleapis.com...
✔  functions: functions source uploaded successfully
i  functions: updating Python 3.13 (2nd Gen) function notify(us-central1)...
i  functions: updating Python 3.13 (2nd Gen) function notify_prominent(us-central1)...
✔  functions[notify_prominent(us-central1)] Successful update operation.
✔  functions[notify(us-central1)] Successful update operation.
Function URL (notify(us-central1)): https://notify-iglinlck2a-uc.a.run.app
Function URL (notify_prominent(us-central1)): https://notify-prominent-iglinlck2a-uc.a.run.app

✔  Deploy complete!

Project Console: https://console.firebase.google.com/project/pass-prediction/overview
