An error was encountered processing the command (domain=com.apple.CoreSimulator.SimError, code=405):
Unable to boot device in current state: Booted
Monitoring boot status for iPhone 17 Pro Max — App Store 19 (0DB01E7A-D65B-47B3-BBDE-5CDD10BC9858).
[2026-09-28 02:48:38 +0000] Status=1, isTerminal=NO, Elapsed=00:03.
	Waiting on BackBoard

[2026-09-28 02:48:39 +0000] Status=4294967295, isTerminal=YES, Elapsed=00:04.
	Finished

io.djben.SatelliteForecast: 39170
Monitoring boot status for iPhone 17 Pro Max — App Store 19 (0DB01E7A-D65B-47B3-BBDE-5CDD10BC9858).
[2026-09-28 02:50:22 +0000] Status=1, isTerminal=NO, Elapsed=00:01.
	Waiting on BackBoard

[2026-09-28 02:50:23 +0000] Status=4, isTerminal=NO, Elapsed=00:02.
	Waiting on System App

[2026-09-28 02:50:24 +0000] Status=4, isTerminal=NO, Elapsed=00:03.
	Waiting on System App

[2026-09-28 02:50:24 +0000] Status=4, isTerminal=NO, Elapsed=00:03.
	Waiting on System App

[2026-09-28 02:50:25 +0000] Status=4, isTerminal=NO, Elapsed=00:04.
	Waiting on System App

[2026-09-28 02:50:26 +0000] Status=4294967295, isTerminal=YES, Elapsed=00:05.
	Finished

ru: captured 06-widgets
An error was encountered processing the command (domain=com.apple.CoreSimulator.SimError, code=405):
Unable to boot device in current state: Booted
Monitoring boot status for iPhone 17 Pro Max — App Store 19 (0DB01E7A-D65B-47B3-BBDE-5CDD10BC9858).
[2026-09-28 02:51:42 +0000] Status=1, isTerminal=NO, Elapsed=00:04.
	Waiting on BackBoard

[2026-09-28 02:51:44 +0000] Status=4, isTerminal=NO, Elapsed=00:06.
	Waiting on System App

[2026-09-28 02:51:45 +0000] Status=4, isTerminal=NO, Elapsed=00:06.
	Waiting on System App

[2026-09-28 02:51:47 +0000] Status=4, isTerminal=NO, Elapsed=00:09.
	Waiting on System App

[2026-09-28 02:51:51 +0000] Status=4, isTerminal=NO, Elapsed=00:13.
	Waiting on System App

[2026-09-28 02:51:55 +0000] Status=4, isTerminal=NO, Elapsed=00:17.
	Waiting on System App

[2026-09-28 02:51:58 +0000] Status=4294967295, isTerminal=YES, Elapsed=00:20.
	Finished

io.djben.SatelliteForecast: 40591
Monitoring boot status for iPhone 17 Pro Max — App Store 19 (0DB01E7A-D65B-47B3-BBDE-5CDD10BC9858).
[2026-09-28 02:53:40 +0000] Status=2, isTerminal=NO, Elapsed=00:02.
	Waiting on Data Migration
		Reason:(null)
		Migration Elapsed:00:00 seconds

[2026-09-28 02:53:41 +0000] Status=4, isTerminal=NO, Elapsed=00:03.
	Waiting on System App

[2026-09-28 02:53:41 +0000] Status=4, isTerminal=NO, Elapsed=00:03.
	Waiting on System App

[2026-09-28 02:53:42 +0000] Status=4, isTerminal=NO, Elapsed=00:04.
	Waiting on System App

[2026-09-28 02:53:43 +0000] Status=4294967295, isTerminal=YES, Elapsed=00:05.
	Finished

ja: captured 06-widgets
An error was encountered processing the command (domain=com.apple.CoreSimulator.SimError, code=405):
Unable to boot device in current state: Booted
Monitoring boot status for iPhone 17 Pro Max — App Store 19 (0DB01E7A-D65B-47B3-BBDE-5CDD10BC9858).
[2026-09-28 02:54:58 +0000] Status=1, isTerminal=NO, Elapsed=00:03.
	Waiting on BackBoard

[2026-09-28 02:55:01 +0000] Status=4, isTerminal=NO, Elapsed=00:05.
	Waiting on System App

[2026-09-28 02:55:02 +0000] Status=4, isTerminal=NO, Elapsed=00:06.
	Waiting on System App

[2026-09-28 02:55:03 +0000] Status=4, isTerminal=NO, Elapsed=00:07.
	Waiting on System App

[2026-09-28 02:55:03 +0000] Status=4, isTerminal=NO, Elapsed=00:07.
	Waiting on System App

[2026-09-28 02:55:04 +0000] Status=4, isTerminal=NO, Elapsed=00:08.
	Waiting on System App

[2026-09-28 02:55:07 +0000] Status=4294967295, isTerminal=YES, Elapsed=00:12.
	Finished

io.djben.SatelliteForecast: 42090
Monitoring boot status for iPhone 17 Pro Max — App Store 19 (0DB01E7A-D65B-47B3-BBDE-5CDD10BC9858).
[2026-09-28 02:56:55 +0000] Status=1, isTerminal=NO, Elapsed=00:03.
	Waiting on BackBoard

[2026-09-28 02:56:56 +0000] Status=4, isTerminal=NO, Elapsed=00:04.
	Waiting on System App

[2026-09-28 02:56:56 +0000] Status=4, isTerminal=NO, Elapsed=00:04.
	Waiting on System App

[2026-09-28 02:56:56 +0000] Status=4, isTerminal=NO, Elapsed=00:04.
	Waiting on System App

[2026-09-28 02:56:57 +0000] Status=4, isTerminal=NO, Elapsed=00:05.
	Waiting on System App

[2026-09-28 02:56:58 +0000] Status=4294967295, isTerminal=YES, Elapsed=00:06.
	Finished

ko: captured 06-widgets
An error was encountered processing the command (domain=com.apple.CoreSimulator.SimError, code=405):
Unable to boot device in current state: Booted
Monitoring boot status for iPhone 17 Pro Max — App Store 19 (0DB01E7A-D65B-47B3-BBDE-5CDD10BC9858).
[2026-09-28 02:58:10 +0000] Status=2, isTerminal=NO, Elapsed=00:01.
	Waiting on Data Migration
		Reason:(null)
		Migration Elapsed:00:00 seconds

[2026-09-28 02:58:10 +0000] Status=4, isTerminal=NO, Elapsed=00:01.
	Waiting on System App

[2026-09-28 02:58:10 +0000] Status=4, isTerminal=NO, Elapsed=00:02.
	Waiting on System App

[2026-09-28 02:58:12 +0000] Status=4, isTerminal=NO, Elapsed=00:03.
	Waiting on System App

[2026-09-28 02:58:12 +0000] Status=4294967295, isTerminal=YES, Elapsed=00:04.
	Finished

io.djben.SatelliteForecast: 43336
Monitoring boot status for iPhone 17 Pro Max — App Store 19 (0DB01E7A-D65B-47B3-BBDE-5CDD10BC9858).
[2026-09-28 02:59:55 +0000] Status=2, isTerminal=NO, Elapsed=00:03.
	Waiting on Data Migration
		Reason:(null)
		Migration Elapsed:00:00 seconds

[2026-09-28 02:59:56 +0000] Status=4, isTerminal=NO, Elapsed=00:04.
	Waiting on System App

[2026-09-28 02:59:57 +0000] Status=4, isTerminal=NO, Elapsed=00:04.
	Waiting on System App

[2026-09-28 02:59:58 +0000] Status=4, isTerminal=NO, Elapsed=00:05.
	Waiting on System App

[2026-09-28 02:59:58 +0000] Status=4, isTerminal=NO, Elapsed=00:06.
	Waiting on System App

[2026-09-28 03:00:00 +0000] Status=4, isTerminal=NO, Elapsed=00:08.
	Waiting on System App

[2026-09-28 03:00:02 +0000] Status=4294967295, isTerminal=YES, Elapsed=00:10.
	Finished

zh-Hans: captured 06-widgets
