⚠️ Warning: /Users/sihaolu/Developments/SatelliteForecast/Frameworks/SatelliteForecast/Impl/Sources/Native/LocationService.swift:18:46: warning: 'CLGeocoder' was deprecated in iOS 26.0: Use MapKit [#DeprecatedDeclaration]
⚠️ Warning:     |                                              `- warning: 'CLGeocoder' was deprecated in iOS 26.0: Use MapKit [#DeprecatedDeclaration]
⚠️ Warning: /Users/sihaolu/Developments/SatelliteForecast/Frameworks/SatelliteForecast/Impl/Sources/Native/LocationService.swift:23:28: warning: call to main actor-isolated instance method 'open(_:options:completionHandler:)' in a synchronous nonisolated context [#ActorIsolatedCall]
⚠️ Warning:     |                            `- warning: call to main actor-isolated instance method 'open(_:options:completionHandler:)' in a synchronous nonisolated context [#ActorIsolatedCall]
⚠️ Warning: /Users/sihaolu/Developments/SatelliteForecast/Frameworks/SatelliteForecast/Impl/Sources/Native/LocationService.swift:23:21: warning: main actor-isolated class property 'shared' can not be referenced from a nonisolated context
⚠️ Warning:     |                     `- warning: main actor-isolated class property 'shared' can not be referenced from a nonisolated context
⚠️ Warning: /Users/sihaolu/Developments/SatelliteForecast/Frameworks/SatelliteForecast/Impl/Sources/Native/LocationService.swift:23:59: warning: main actor-isolated class property 'unifiedSettingsURLString' can not be referenced from a nonisolated context
⚠️ Warning:     |                                                           `- warning: main actor-isolated class property 'unifiedSettingsURLString' can not be referenced from a nonisolated context
⚠️ Warning: /Users/sihaolu/Developments/SatelliteForecast/Frameworks/SatelliteForecast/Impl/Sources/Native/LocationService.swift:9:47: warning: conformance of 'LocationService' to protocol 'CLLocationManagerDelegate' crosses into main actor-isolated code and can cause data races; this is an error in the Swift 6 language mode [#ConformanceIsolation]
⚠️ Warning:     |                                               |- warning: conformance of 'LocationService' to protocol 'CLLocationManagerDelegate' crosses into main actor-isolated code and can cause data races; this is an error in the Swift 6 language mode [#ConformanceIsolation]
❌ Error:  90 |   public func locationManager(_ manager: CLLocationManager, didFailWithError error: Error) {
❌ Error:     |               |- note: main actor-isolated instance method 'locationManager(_:didFailWithError:)' cannot satisfy nonisolated requirement
❌ Error:     |               `- note: mark instance method 'locationManager(_:didFailWithError:)' 'nonisolated'
⚠️ Warning: /Users/sihaolu/Developments/SatelliteForecast/Frameworks/SatelliteForecast/Impl/Sources/Native/LocationService.swift:105:14: warning: 'cancelGeocode()' was deprecated in iOS 26.0: Use MKGeocodingRequest [#DeprecatedDeclaration]
⚠️ Warning:     |              `- warning: 'cancelGeocode()' was deprecated in iOS 26.0: Use MKGeocodingRequest [#DeprecatedDeclaration]
⚠️ Warning: /Users/sihaolu/Developments/SatelliteForecast/Frameworks/SatelliteForecast/Impl/Sources/Native/LocationService.swift:109:41: warning: 'reverseGeocodeLocation' was deprecated in iOS 26.0: Use MKReverseGeocodingRequest [#DeprecatedDeclaration]
⚠️ Warning:     |                                         `- warning: 'reverseGeocodeLocation' was deprecated in iOS 26.0: Use MKReverseGeocodingRequest [#DeprecatedDeclaration]
⚠️ Warning: /Users/sihaolu/Developments/SatelliteForecast/Frameworks/SatelliteForecast/Impl/Sources/Native/AppAnalytics.swift:46:72: warning: converting function value of type '@MainActor (String, AppAnalytics.Screen, [String : Any]) -> ()' to '(String, AppAnalytics.Screen, [String : Any]) -> Void' loses global actor 'MainActor'; this is an error in the Swift 6 language mode
⚠️ Warning:    |                                                                        `- warning: converting function value of type '@MainActor (String, AppAnalytics.Screen, [String : Any]) -> ()' to '(String, AppAnalytics.Screen, [String : Any]) -> Void' loses global actor 'MainActor'; this is an error in the Swift 6 language mode
⚠️ Warning: /Users/sihaolu/Developments/SatelliteForecast/Frameworks/SatelliteForecast/Impl/Sources/Native/LocationService.swift:18:46: warning: 'CLGeocoder' was deprecated in iOS 26.0: Use MapKit [#DeprecatedDeclaration]
⚠️ Warning:     |                                              `- warning: 'CLGeocoder' was deprecated in iOS 26.0: Use MapKit [#DeprecatedDeclaration]
⚠️ Warning: /Users/sihaolu/Developments/SatelliteForecast/Frameworks/SatelliteForecast/Impl/Sources/Native/LocationService.swift:23:28: warning: call to main actor-isolated instance method 'open(_:options:completionHandler:)' in a synchronous nonisolated context [#ActorIsolatedCall]
⚠️ Warning:     |                            `- warning: call to main actor-isolated instance method 'open(_:options:completionHandler:)' in a synchronous nonisolated context [#ActorIsolatedCall]
⚠️ Warning: /Users/sihaolu/Developments/SatelliteForecast/Frameworks/SatelliteForecast/Impl/Sources/Native/LocationService.swift:23:21: warning: main actor-isolated class property 'shared' can not be referenced from a nonisolated context
⚠️ Warning:     |                     `- warning: main actor-isolated class property 'shared' can not be referenced from a nonisolated context
⚠️ Warning: /Users/sihaolu/Developments/SatelliteForecast/Frameworks/SatelliteForecast/Impl/Sources/Native/LocationService.swift:23:59: warning: main actor-isolated class property 'unifiedSettingsURLString' can not be referenced from a nonisolated context
⚠️ Warning:     |                                                           `- warning: main actor-isolated class property 'unifiedSettingsURLString' can not be referenced from a nonisolated context
⚠️ Warning: /Users/sihaolu/Developments/SatelliteForecast/Frameworks/SatelliteForecast/Impl/Sources/Native/LocationService.swift:9:47: warning: conformance of 'LocationService' to protocol 'CLLocationManagerDelegate' crosses into main actor-isolated code and can cause data races; this is an error in the Swift 6 language mode [#ConformanceIsolation]
⚠️ Warning:     |                                               |- warning: conformance of 'LocationService' to protocol 'CLLocationManagerDelegate' crosses into main actor-isolated code and can cause data races; this is an error in the Swift 6 language mode [#ConformanceIsolation]
❌ Error:  90 |   public func locationManager(_ manager: CLLocationManager, didFailWithError error: Error) {
❌ Error:     |               |- note: main actor-isolated instance method 'locationManager(_:didFailWithError:)' cannot satisfy nonisolated requirement
❌ Error:     |               `- note: mark instance method 'locationManager(_:didFailWithError:)' 'nonisolated'
⚠️ Warning: /Users/sihaolu/Developments/SatelliteForecast/Frameworks/SatelliteForecast/Impl/Sources/Views/LocationSettingsView/LocationSearchModel.swift:9:78: warning: 'MKPlacemark' was deprecated in iOS 26.0: Use MKMapItem's location, address and addressRepresentations properties instead. Use MKAddressRepresentations for formatted address strings for MapKit provided MKMapItems [#DeprecatedDeclaration]
⚠️ Warning:     |                                                                              `- warning: 'MKPlacemark' was deprecated in iOS 26.0: Use MKMapItem's location, address and addressRepresentations properties instead. Use MKAddressRepresentations for formatted address strings for MapKit provided MKMapItems [#DeprecatedDeclaration]
⚠️ Warning: /Users/sihaolu/Developments/SatelliteForecast/Frameworks/SatelliteForecast/Impl/Sources/Views/LocationSettingsView/LocationSearchModel.swift:14:81: warning: 'MKPlacemark' was deprecated in iOS 26.0: Use MKMapItem's location, address and addressRepresentations properties instead. Use MKAddressRepresentations for formatted address strings for MapKit provided MKMapItems [#DeprecatedDeclaration]
⚠️ Warning:     |                                                                                 `- warning: 'MKPlacemark' was deprecated in iOS 26.0: Use MKMapItem's location, address and addressRepresentations properties instead. Use MKAddressRepresentations for formatted address strings for MapKit provided MKMapItems [#DeprecatedDeclaration]
⚠️ Warning: /Users/sihaolu/Developments/SatelliteForecast/Frameworks/SatelliteForecast/Impl/Sources/Views/Planetarium/PlanetariumView.swift:256:17: warning: cannot use generic class 'Autoconnect' in a property declaration member of a type not marked '@_implementationOnly'; 'Combine' was not imported by this file
⚠️ Warning:     |                 `- warning: cannot use generic class 'Autoconnect' in a property declaration member of a type not marked '@_implementationOnly'; 'Combine' was not imported by this file
⚠️ Warning: /Users/sihaolu/Developments/SatelliteForecast/Frameworks/SatelliteForecast/Impl/Sources/Views/Planetarium/PlanetariumView.swift:256:17: warning: cannot use enum 'Publishers' in a property declaration member of a type not marked '@_implementationOnly'; 'Combine' was not imported by this file
⚠️ Warning:     |                 `- warning: cannot use enum 'Publishers' in a property declaration member of a type not marked '@_implementationOnly'; 'Combine' was not imported by this file
⚠️ Warning: /Users/sihaolu/Developments/SatelliteForecast/Frameworks/SatelliteForecast/Impl/Sources/Views/SettingsOverview/ObserverCell/ObserverCell.swift:38:23: warning: 'MapMarker' was deprecated in iOS 17.0: Use Marker along with Map initializers that take a MapContentBuilder instead. [#DeprecatedDeclaration]
⚠️ Warning:     |                       `- warning: 'MapMarker' was deprecated in iOS 17.0: Use Marker along with Map initializers that take a MapContentBuilder instead. [#DeprecatedDeclaration]
⚠️ Warning: /Users/sihaolu/Developments/SatelliteForecast/Frameworks/SatelliteForecast/Impl/Sources/Native/AppAnalytics.swift:46:72: warning: converting function value of type '@MainActor (String, AppAnalytics.Screen, [String : Any]) -> ()' to '(String, AppAnalytics.Screen, [String : Any]) -> Void' loses global actor 'MainActor'; this is an error in the Swift 6 language mode
⚠️ Warning:    |                                                                        `- warning: converting function value of type '@MainActor (String, AppAnalytics.Screen, [String : Any]) -> ()' to '(String, AppAnalytics.Screen, [String : Any]) -> Void' loses global actor 'MainActor'; this is an error in the Swift 6 language mode
⚠️ Warning: /Users/sihaolu/Developments/SatelliteForecast/Frameworks/SatelliteForecast/Impl/Sources/Views/SatelliteOverview/ObservationSkyBackground.swift:61:38: warning: call to main actor-isolated static method 'sun(observer:julianDate:)' in a synchronous actor-isolated context [#ActorIsolatedCall]
⚠️ Warning:     |                                      `- warning: call to main actor-isolated static method 'sun(observer:julianDate:)' in a synchronous actor-isolated context [#ActorIsolatedCall]
⚠️ Warning: /Users/sihaolu/Developments/SatelliteForecast/Frameworks/SatelliteForecast/Impl/Sources/Views/SatelliteOverview/SatelliteOverviewCell.swift:239:29: warning: '+' was deprecated in iOS 26.0: Use string interpolation on `Text` instead: `Text("Hello \(name)")` [#DeprecatedDeclaration]
⚠️ Warning:     |                             `- warning: '+' was deprecated in iOS 26.0: Use string interpolation on `Text` instead: `Text("Hello \(name)")` [#DeprecatedDeclaration]
⚠️ Warning: /Users/sihaolu/Developments/SatelliteForecast/Frameworks/SatelliteForecast/Impl/Sources/Views/SettingsOverview/ObserverCell/ObserverCell.swift:38:23: warning: 'MapMarker' was deprecated in iOS 17.0: Use Marker along with Map initializers that take a MapContentBuilder instead. [#DeprecatedDeclaration]
⚠️ Warning:     |                       `- warning: 'MapMarker' was deprecated in iOS 17.0: Use Marker along with Map initializers that take a MapContentBuilder instead. [#DeprecatedDeclaration]
⚠️ Warning: /Users/sihaolu/Developments/SatelliteForecast/Frameworks/SatelliteForecast/Impl/Sources/Views/SettingsOverview/ObserverCell/ObserverCell.swift:52:31: warning: 'MapMarker' was deprecated in iOS 17.0: Use Marker along with Map initializers that take a MapContentBuilder instead. [#DeprecatedDeclaration]
⚠️ Warning:     |                               `- warning: 'MapMarker' was deprecated in iOS 17.0: Use Marker along with Map initializers that take a MapContentBuilder instead. [#DeprecatedDeclaration]
⚠️ Warning: /Users/sihaolu/Developments/SatelliteForecast/Frameworks/SatelliteForecast/Impl/Sources/Views/SettingsOverview/ObserverCell/ObserverCell.swift:61:9: warning: 'init(coordinateRegion:interactionModes:showsUserLocation:userTrackingMode:annotationItems:annotationContent:)' was deprecated in iOS 17.0: Use Map initializers that take a MapContentBuilder instead. [#DeprecatedDeclaration]
⚠️ Warning:     |         `- warning: 'init(coordinateRegion:interactionModes:showsUserLocation:userTrackingMode:annotationItems:annotationContent:)' was deprecated in iOS 17.0: Use Map initializers that take a MapContentBuilder instead. [#DeprecatedDeclaration]
⚠️ Warning: /Users/sihaolu/Developments/SatelliteForecast/Frameworks/SatelliteForecast/Impl/Sources/Views/AlarmSettingsView/PassAlarmSettingsModalView.swift:269:53: warning: 'main' was deprecated in iOS 26.0: Use a UIScreen instance found through context instead (i.e, view.window.windowScene.screen), or for properties like UIScreen.scale with trait equivalents, use a traitCollection found through context. [#DeprecatedDeclaration]
⚠️ Warning:     |                                                     `- warning: 'main' was deprecated in iOS 26.0: Use a UIScreen instance found through context instead (i.e, view.window.windowScene.screen), or for properties like UIScreen.scale with trait equivalents, use a traitCollection found through context. [#DeprecatedDeclaration]
⚠️ Warning: /Users/sihaolu/Developments/SatelliteForecast/Frameworks/SatelliteForecast/Impl/Sources/Views/AllPassesView/TutorialVideoView.swift:248:19: warning: value 'view' was defined but never used; consider replacing with boolean test [#NoUsage]
⚠️ Warning:     |                   `- warning: value 'view' was defined but never used; consider replacing with boolean test [#NoUsage]
⚠️ Warning: /Users/sihaolu/Developments/SatelliteForecast/Frameworks/SatelliteForecast/Impl/Sources/Views/PassView/DeviceOrientationGuidanceView.swift:123:21: warning: call to main actor-isolated instance method 'phone(pose:)' in a synchronous nonisolated context [#ActorIsolatedCall]
⚠️ Warning:     |                     `- warning: call to main actor-isolated instance method 'phone(pose:)' in a synchronous nonisolated context [#ActorIsolatedCall]
⚠️ Warning: /Users/sihaolu/Developments/SatelliteForecast/Frameworks/SatelliteForecast/Impl/Sources/Views/Planetarium/PlanetariumController.swift:918:51: warning: 'interfaceOrientation' was deprecated in iOS 26.0: Use effectiveGeometry.interfaceOrientation instead. [#DeprecatedDeclaration]
⚠️ Warning:      |                                                   `- warning: 'interfaceOrientation' was deprecated in iOS 26.0: Use effectiveGeometry.interfaceOrientation instead. [#DeprecatedDeclaration]
⚠️ Warning: /Users/sihaolu/Developments/SatelliteForecast/Frameworks/SatelliteForecast/Impl/Sources/Views/Planetarium/PlanetariumView.swift:256:17: warning: cannot use generic class 'Autoconnect' in a property declaration member of a type not marked '@_implementationOnly'; 'Combine' was not imported by this file
⚠️ Warning:     |                 `- warning: cannot use generic class 'Autoconnect' in a property declaration member of a type not marked '@_implementationOnly'; 'Combine' was not imported by this file
⚠️ Warning: /Users/sihaolu/Developments/SatelliteForecast/Frameworks/SatelliteForecast/Impl/Sources/Views/Planetarium/PlanetariumView.swift:256:17: warning: cannot use enum 'Publishers' in a property declaration member of a type not marked '@_implementationOnly'; 'Combine' was not imported by this file
⚠️ Warning:     |                 `- warning: cannot use enum 'Publishers' in a property declaration member of a type not marked '@_implementationOnly'; 'Combine' was not imported by this file
⚠️ Warning: /Users/sihaolu/Developments/SatelliteForecast/Frameworks/SatelliteForecast/Impl/Sources/Native/LocationService.swift:23:28: warning: call to main actor-isolated instance method 'open(_:options:completionHandler:)' in a synchronous nonisolated context [#ActorIsolatedCall]
⚠️ Warning:     |                            `- warning: call to main actor-isolated instance method 'open(_:options:completionHandler:)' in a synchronous nonisolated context [#ActorIsolatedCall]
⚠️ Warning: /Users/sihaolu/Developments/SatelliteForecast/Frameworks/SatelliteForecast/Impl/Sources/Native/LocationService.swift:23:21: warning: main actor-isolated class property 'shared' can not be referenced from a nonisolated context
⚠️ Warning:     |                     `- warning: main actor-isolated class property 'shared' can not be referenced from a nonisolated context
⚠️ Warning: /Users/sihaolu/Developments/SatelliteForecast/Frameworks/SatelliteForecast/Impl/Sources/Native/LocationService.swift:23:59: warning: main actor-isolated class property 'unifiedSettingsURLString' can not be referenced from a nonisolated context
⚠️ Warning:     |                                                           `- warning: main actor-isolated class property 'unifiedSettingsURLString' can not be referenced from a nonisolated context
⚠️ Warning: /Users/sihaolu/Developments/SatelliteForecast/Frameworks/SatelliteForecast/Impl/Sources/Native/LocationService.swift:18:46: warning: 'CLGeocoder' was deprecated in iOS 26.0: Use MapKit [#DeprecatedDeclaration]
⚠️ Warning:     |                                              `- warning: 'CLGeocoder' was deprecated in iOS 26.0: Use MapKit [#DeprecatedDeclaration]
⚠️ Warning: /Users/sihaolu/Developments/SatelliteForecast/Frameworks/SatelliteForecast/Impl/Sources/Native/AppAnalytics.swift:46:72: warning: converting function value of type '@MainActor (String, AppAnalytics.Screen, [String : Any]) -> ()' to '(String, AppAnalytics.Screen, [String : Any]) -> Void' loses global actor 'MainActor'; this is an error in the Swift 6 language mode
⚠️ Warning:    |                                                                        `- warning: converting function value of type '@MainActor (String, AppAnalytics.Screen, [String : Any]) -> ()' to '(String, AppAnalytics.Screen, [String : Any]) -> Void' loses global actor 'MainActor'; this is an error in the Swift 6 language mode
⚠️ Warning: /Users/sihaolu/Developments/SatelliteForecast/Frameworks/SatelliteForecast/Impl/Sources/Native/AppAnalytics.swift:46:72: warning: converting function value of type '@MainActor (String, AppAnalytics.Screen, [String : Any]) -> ()' to '(String, AppAnalytics.Screen, [String : Any]) -> Void' loses global actor 'MainActor'; this is an error in the Swift 6 language mode
⚠️ Warning:    |                                                                        `- warning: converting function value of type '@MainActor (String, AppAnalytics.Screen, [String : Any]) -> ()' to '(String, AppAnalytics.Screen, [String : Any]) -> Void' loses global actor 'MainActor'; this is an error in the Swift 6 language mode
⚠️ Warning: /Users/sihaolu/Developments/SatelliteForecast/SatelliteForecastTests/LocationSearchTests.swift:87:42: warning: 'MKPlacemark' was deprecated in iOS 26.0: Use MKMapItem's location, address and addressRepresentations properties instead. Use MKAddressRepresentations for formatted address strings for MapKit provided MKMapItems [#DeprecatedDeclaration]
⚠️ Warning:     |                                          `- warning: 'MKPlacemark' was deprecated in iOS 26.0: Use MKMapItem's location, address and addressRepresentations properties instead. Use MKAddressRepresentations for formatted address strings for MapKit provided MKMapItems [#DeprecatedDeclaration]
⚠️ Warning: /Users/sihaolu/Developments/SatelliteForecast/SatelliteForecastTests/LocationSearchTests.swift:93:20: warning: 'MKPlacemark' was deprecated in iOS 26.0: Use MKMapItem's location, address and addressRepresentations properties instead. Use MKAddressRepresentations for formatted address strings for MapKit provided MKMapItems [#DeprecatedDeclaration]
⚠️ Warning:     |                    `- warning: 'MKPlacemark' was deprecated in iOS 26.0: Use MKMapItem's location, address and addressRepresentations properties instead. Use MKAddressRepresentations for formatted address strings for MapKit provided MKMapItems [#DeprecatedDeclaration]
⚠️ Warning: /Users/sihaolu/Developments/SatelliteForecast/SatelliteForecastTests/LocationSearchTests.swift:98:36: warning: 'MKPlacemark' was deprecated in iOS 26.0: Use MKMapItem's location, address and addressRepresentations properties instead. Use MKAddressRepresentations for formatted address strings for MapKit provided MKMapItems [#DeprecatedDeclaration]
⚠️ Warning:     |                                    `- warning: 'MKPlacemark' was deprecated in iOS 26.0: Use MKMapItem's location, address and addressRepresentations properties instead. Use MKAddressRepresentations for formatted address strings for MapKit provided MKMapItems [#DeprecatedDeclaration]
⚠️ Warning: /Users/sihaolu/Developments/SatelliteForecast/SatelliteForecastTests/LocationSearchTests.swift:107:42: warning: 'MKPlacemark' was deprecated in iOS 26.0: Use MKMapItem's location, address and addressRepresentations properties instead. Use MKAddressRepresentations for formatted address strings for MapKit provided MKMapItems [#DeprecatedDeclaration]
⚠️ Warning:     |                                          `- warning: 'MKPlacemark' was deprecated in iOS 26.0: Use MKMapItem's location, address and addressRepresentations properties instead. Use MKAddressRepresentations for formatted address strings for MapKit provided MKMapItems [#DeprecatedDeclaration]
⚠️ Warning: /Users/sihaolu/Developments/SatelliteForecast/SatelliteForecastTests/LocationSearchTests.swift:114:36: warning: 'MKPlacemark' was deprecated in iOS 26.0: Use MKMapItem's location, address and addressRepresentations properties instead. Use MKAddressRepresentations for formatted address strings for MapKit provided MKMapItems [#DeprecatedDeclaration]
⚠️ Warning:     |                                    `- warning: 'MKPlacemark' was deprecated in iOS 26.0: Use MKMapItem's location, address and addressRepresentations properties instead. Use MKAddressRepresentations for formatted address strings for MapKit provided MKMapItems [#DeprecatedDeclaration]
⚠️ Warning: /Users/sihaolu/Developments/SatelliteForecast/SatelliteForecastTests/NativeArchitectureTests.swift:192:25: warning: 'MKPlacemark' was deprecated in iOS 26.0: Use MKMapItem's location, address and addressRepresentations properties instead. Use MKAddressRepresentations for formatted address strings for MapKit provided MKMapItems [#DeprecatedDeclaration]
⚠️ Warning:     |                         `- warning: 'MKPlacemark' was deprecated in iOS 26.0: Use MKMapItem's location, address and addressRepresentations properties instead. Use MKAddressRepresentations for formatted address strings for MapKit provided MKMapItems [#DeprecatedDeclaration]
⚠️ Warning: /Users/sihaolu/Developments/SatelliteForecast/SatelliteForecastTests/NativeArchitectureTests.swift:211:13: warning: 'MKPlacemark' was deprecated in iOS 26.0: Use MKMapItem's location, address and addressRepresentations properties instead. Use MKAddressRepresentations for formatted address strings for MapKit provided MKMapItems [#DeprecatedDeclaration]
⚠️ Warning:     |             `- warning: 'MKPlacemark' was deprecated in iOS 26.0: Use MKMapItem's location, address and addressRepresentations properties instead. Use MKAddressRepresentations for formatted address strings for MapKit provided MKMapItems [#DeprecatedDeclaration]
⚠️ Warning: /Users/sihaolu/Developments/SatelliteForecast/SatelliteForecastTests/NativeArchitectureTests.swift:207:13: warning: initialization of immutable value 'navigation' was never used; consider replacing with assignment to '_' or removing it [#NoUsage]
⚠️ Warning:     |             `- warning: initialization of immutable value 'navigation' was never used; consider replacing with assignment to '_' or removing it [#NoUsage]
⚠️ Warning: /Users/sihaolu/Developments/SatelliteForecast/SatelliteForecastTests/ScreenSnapshotTests.swift:984: warning: -[SatelliteForecastTests.ScreenSnapshotTests testAppStoreScreenshots] : [Internal] Thread running at User-interactive quality-of-service class waiting on a thread without a QoS class specified (base priority 31). Investigate ways to avoid priority inversions
✅ Test Run test succeeded for scheme SatelliteForecastApp.

Test Results Summary:
Test Summary: Test - SatelliteForecastApp
Overall Result: Passed

Test Counts:
  Total: 1
  Passed: 1
  Failed: 0
  Skipped: 0
  Expected Failures: 0

Environment: SatelliteForecast · Built with macOS 27.0

Device: iPhone 17 Pro Max — App Store 19 (iOS Simulator 27.0)

